Archive member included because of file (symbol)

c:/winavr-20071221/bin/../lib/gcc/avr/4.2.2/avr5\libgcc.a(_udivmodqi4.o)
                              Clock.o (__udivmodqi4)
c:/winavr-20071221/bin/../lib/gcc/avr/4.2.2/avr5\libgcc.a(_divmodhi4.o)
                              MatrixGraphs.o (__divmodhi4)
c:/winavr-20071221/bin/../lib/gcc/avr/4.2.2/avr5\libgcc.a(_exit.o)
                              c:/winavr-20071221/bin/../lib/gcc/avr/4.2.2/../../../../avr/lib/avr5/crtm328p.o (exit)
c:/winavr-20071221/bin/../lib/gcc/avr/4.2.2/avr5\libgcc.a(_copy_data.o)
                              LedMatrixTest.o (__do_copy_data)
c:/winavr-20071221/bin/../lib/gcc/avr/4.2.2/avr5\libgcc.a(_clear_bss.o)
                              LedMatrixTest.o (__do_clear_bss)
c:/winavr-20071221/bin/../lib/gcc/avr/4.2.2/avr5\libgcc.a(_udivmodhi4.o)
                              c:/winavr-20071221/bin/../lib/gcc/avr/4.2.2/avr5\libgcc.a(_divmodhi4.o) (__udivmodhi4)

Allocating common symbols
Common symbol       size              file

secs                0x1               LedMatrixTest.o
temp_node_name      0x6               Configuration.o
minutes5            0x1               LedMatrixTest.o
ptr                 0x2               MatrixGraphs.o
done                0x1               LedMatrixTest.o
space               0x1               Configuration.o
current             0x3               LedMatrixTest.o
exit_menu           0x1               Configuration.o
seconds             0x1               LedMatrixTest.o
cuentas             0x1               Configuration.o

Memory Configuration

Name             Origin             Length             Attributes
text             0x00000000         0x00020000         xr
data             0x00800060         0x0000ffa0         rw !x
eeprom           0x00810000         0x00010000         rw !x
fuse             0x00820000         0x00000400         rw !x
lock             0x00830000         0x00000400         rw !x
signature        0x00840000         0x00000400         rw !x
*default*        0x00000000         0xffffffff

Linker script and memory map

Address of section .data set to 0x800100
LOAD c:/winavr-20071221/bin/../lib/gcc/avr/4.2.2/../../../../avr/lib/avr5/crtm328p.o
LOAD LedMatrixTest.o
LOAD Timer1.o
LOAD MatrixColor.o
LOAD MatrixGraphs.o
LOAD Delay20.o
LOAD UART0.o
LOAD Timer2.o
LOAD SetIntClk.o
LOAD Clock.o
LOAD EEPROM.o
LOAD Configuration.o
LOAD Menu.o
LOAD c:/winavr-20071221/bin/../lib/gcc/avr/4.2.2/avr5\libgcc.a
LOAD c:/winavr-20071221/bin/../lib/gcc/avr/4.2.2/../../../../avr/lib/avr5\libc.a
LOAD c:/winavr-20071221/bin/../lib/gcc/avr/4.2.2/avr5\libgcc.a

.hash
 *(.hash)

.dynsym
 *(.dynsym)

.dynstr
 *(.dynstr)

.gnu.version
 *(.gnu.version)

.gnu.version_d
 *(.gnu.version_d)

.gnu.version_r
 *(.gnu.version_r)

.rel.init
 *(.rel.init)

.rela.init
 *(.rela.init)

.rel.text
 *(.rel.text)
 *(.rel.text.*)
 *(.rel.gnu.linkonce.t*)

.rela.text
 *(.rela.text)
 *(.rela.text.*)
 *(.rela.gnu.linkonce.t*)

.rel.fini
 *(.rel.fini)

.rela.fini
 *(.rela.fini)

.rel.rodata
 *(.rel.rodata)
 *(.rel.rodata.*)
 *(.rel.gnu.linkonce.r*)

.rela.rodata
 *(.rela.rodata)
 *(.rela.rodata.*)
 *(.rela.gnu.linkonce.r*)

.rel.data
 *(.rel.data)
 *(.rel.data.*)
 *(.rel.gnu.linkonce.d*)

.rela.data
 *(.rela.data)
 *(.rela.data.*)
 *(.rela.gnu.linkonce.d*)

.rel.ctors
 *(.rel.ctors)

.rela.ctors
 *(.rela.ctors)

.rel.dtors
 *(.rel.dtors)

.rela.dtors
 *(.rela.dtors)

.rel.got
 *(.rel.got)

.rela.got
 *(.rela.got)

.rel.bss
 *(.rel.bss)

.rela.bss
 *(.rela.bss)

.rel.plt
 *(.rel.plt)

.rela.plt
 *(.rela.plt)

.text           0x00000000     0x21aa
 *(.vectors)
 .vectors       0x00000000       0x68 c:/winavr-20071221/bin/../lib/gcc/avr/4.2.2/../../../../avr/lib/avr5/crtm328p.o
                0x00000000                __vectors
                0x00000000                __vector_default
 *(.vectors)
 *(.progmem.gcc*)
 *(.progmem*)
 .progmem.data  0x00000068      0x150 LedMatrixTest.o
                0x000001a0                clockHourHandMatrix2
                0x000000e0                clockMinuteHandMatrix2
                0x00000188                clockHourHandMatrix
                0x00000170                quadrantCoordinates2
                0x00000068                clockMinuteHandMatrix
                0x00000158                quadrantCoordinates
 .progmem.data  0x000001b8      0x674 MatrixGraphs.o
                0x000001b8                letters
                0x00000811                romans
 .progmem.data  0x0000082c      0x116 Menu.o
                0x0000082c                MenuOp
                0x0000085b                SubMenuOp1
                0x00000895                SubMenuOp2
                0x000008f0                SubMenuOp2a
                0x00000942                . = ALIGN (0x2)
                0x00000942                __trampolines_start = .
 *(.trampolines)
 .trampolines   0x00000942        0x0 linker stubs
 *(.trampolines*)
                0x00000942                __trampolines_end = .
 *(.jumptables)
 *(.jumptables*)
 *(.lowtext)
 *(.lowtext*)
                0x00000942                __ctors_start = .
 *(.ctors)
                0x00000942                __ctors_end = .
                0x00000942                __dtors_start = .
 *(.dtors)
                0x00000942                __dtors_end = .
 SORT(*)(.ctors)
 SORT(*)(.dtors)
 *(.init0)
 .init0         0x00000942        0x0 c:/winavr-20071221/bin/../lib/gcc/avr/4.2.2/../../../../avr/lib/avr5/crtm328p.o
                0x00000942                __init
 *(.init0)
 *(.init1)
 *(.init1)
 *(.init2)
 .init2         0x00000942        0x8 c:/winavr-20071221/bin/../lib/gcc/avr/4.2.2/../../../../avr/lib/avr5/crtm328p.o
 *(.init2)
 *(.init3)
 *(.init3)
 *(.init4)
 .init4         0x0000094a       0x16 c:/winavr-20071221/bin/../lib/gcc/avr/4.2.2/avr5\libgcc.a(_copy_data.o)
                0x0000094a                __do_copy_data
 .init4         0x00000960       0x10 c:/winavr-20071221/bin/../lib/gcc/avr/4.2.2/avr5\libgcc.a(_clear_bss.o)
                0x00000960                __do_clear_bss
 *(.init4)
 *(.init5)
 *(.init5)
 *(.init6)
 *(.init6)
 *(.init7)
 *(.init7)
 *(.init8)
 *(.init8)
 *(.init9)
 .init9         0x00000970        0x8 c:/winavr-20071221/bin/../lib/gcc/avr/4.2.2/../../../../avr/lib/avr5/crtm328p.o
 *(.init9)
 *(.text)
 .text          0x00000978        0x4 c:/winavr-20071221/bin/../lib/gcc/avr/4.2.2/../../../../avr/lib/avr5/crtm328p.o
                0x00000978                __vector_22
                0x00000978                __vector_1
                0x00000978                __vector_24
                0x00000978                __vector_12
                0x00000978                __bad_interrupt
                0x00000978                __vector_6
                0x00000978                __vector_3
                0x00000978                __vector_23
                0x00000978                __vector_25
                0x00000978                __vector_11
                0x00000978                __vector_17
                0x00000978                __vector_19
                0x00000978                __vector_5
                0x00000978                __vector_4
                0x00000978                __vector_9
                0x00000978                __vector_2
                0x00000978                __vector_21
                0x00000978                __vector_15
                0x00000978                __vector_8
                0x00000978                __vector_14
                0x00000978                __vector_10
                0x00000978                __vector_16
                0x00000978                __vector_18
                0x00000978                __vector_20
 .text          0x0000097c      0x80e LedMatrixTest.o
                0x000009ba                Romans
                0x000009a2                button_pressed3
                0x00000c06                SecondPassed
                0x00000c30                main
                0x0000097c                button_pressed
                0x0000098a                button_pressed2
 .text          0x0000118a       0x94 Timer1.o
                0x000011b8                Timer1_Flag
                0x000011d2                __vector_13
                0x0000118a                Timer1_Ini
 .text          0x0000121e       0x80 MatrixColor.o
                0x0000121e                setColorPixel
 .text          0x0000129e      0x780 MatrixGraphs.o
                0x00001302                CleanMessage
                0x00001700                HourHand
                0x00001570                swap
                0x0000138a                drawLetter
                0x00001364                paintPixel
                0x000017f6                drawCircle
                0x00001696                MinuteHand
                0x0000129e                CleanMatrix
                0x00001588                Line
                0x000014ac                drawRoman
                0x0000176a                drawSquare
                0x000019a4                Display
 .text          0x00001a1e       0x4a Delay20.o
                0x00001a1e                Delay_20mS
 .text          0x00001a68      0x118 UART0.o
                0x00001b48                putWordHex
                0x00001b60                boton
                0x00001a68                UART0_Init
                0x00001b08                putByteHex
                0x00001af2                UART0_puts
                0x00001ac6                UART0_getch
                0x00001aec                UART0_kbhit
                0x00001aa2                UART0_putchar
                0x00001ad8                UART0_getche
 .text          0x00001b80       0x9e Timer2.o
                0x00001bda                Timer2_Flag
                0x00001bea                __vector_7
                0x00001bb0                Timer2_OneSecIni
                0x00001b80                Timer2_Ini
 .text          0x00001c1e       0x20 SetIntClk.o
                0x00001c1e                SetIntClk_2MHz
 .text          0x00001c3e      0x1dc Clock.o
                0x00001dba                Clock_Display
                0x00001cc0                BCD_Value
                0x00001d7a                CurrentTime
                0x00001c3e                Clock_Ini
                0x00001c4c                Clock_Update
                0x00001d10                BCD_Time
                0x00001c90                ClockCheck
 .text          0x00001e1a       0x24 EEPROM.o
                0x00001e30                EEPROM_Read
                0x00001e22                EEPROM_Write
                0x00001e1a                EEPROM_Ini
 .text          0x00001e3e      0x1fc Configuration.o
                0x00001ed8                clrscr
                0x00001e54                UART0_putsf
                0x00001f60                TextSave
                0x00001e3e                PortConfig
                0x00001e76                gotoxy
                0x00001ef2                config_clock
 .text          0x0000203a      0x108 Menu.o
                0x0000203a                menu
 .text          0x00002142        0x0 c:/winavr-20071221/bin/../lib/gcc/avr/4.2.2/avr5\libgcc.a(_udivmodqi4.o)
 .text          0x00002142        0x0 c:/winavr-20071221/bin/../lib/gcc/avr/4.2.2/avr5\libgcc.a(_divmodhi4.o)
 .text          0x00002142        0x0 c:/winavr-20071221/bin/../lib/gcc/avr/4.2.2/avr5\libgcc.a(_exit.o)
 .text          0x00002142        0x0 c:/winavr-20071221/bin/../lib/gcc/avr/4.2.2/avr5\libgcc.a(_copy_data.o)
 .text          0x00002142        0x0 c:/winavr-20071221/bin/../lib/gcc/avr/4.2.2/avr5\libgcc.a(_clear_bss.o)
 .text          0x00002142        0x0 c:/winavr-20071221/bin/../lib/gcc/avr/4.2.2/avr5\libgcc.a(_udivmodhi4.o)
                0x00002142                . = ALIGN (0x2)
 *(.text.*)
 .text.libgcc   0x00002142       0x18 c:/winavr-20071221/bin/../lib/gcc/avr/4.2.2/avr5\libgcc.a(_udivmodqi4.o)
                0x00002142                __udivmodqi4
 .text.libgcc   0x0000215a       0x26 c:/winavr-20071221/bin/../lib/gcc/avr/4.2.2/avr5\libgcc.a(_divmodhi4.o)
                0x0000215a                __divmodhi4
                0x0000215a                _div
 .text.libgcc   0x00002180        0x0 c:/winavr-20071221/bin/../lib/gcc/avr/4.2.2/avr5\libgcc.a(_exit.o)
 .text.libgcc   0x00002180        0x0 c:/winavr-20071221/bin/../lib/gcc/avr/4.2.2/avr5\libgcc.a(_copy_data.o)
 .text.libgcc   0x00002180        0x0 c:/winavr-20071221/bin/../lib/gcc/avr/4.2.2/avr5\libgcc.a(_clear_bss.o)
 .text.libgcc   0x00002180       0x28 c:/winavr-20071221/bin/../lib/gcc/avr/4.2.2/avr5\libgcc.a(_udivmodhi4.o)
                0x00002180                __udivmodhi4
                0x000021a8                . = ALIGN (0x2)
 *(.fini9)
 .fini9         0x000021a8        0x0 c:/winavr-20071221/bin/../lib/gcc/avr/4.2.2/avr5\libgcc.a(_exit.o)
                0x000021a8                exit
                0x000021a8                _exit
 *(.fini9)
 *(.fini8)
 *(.fini8)
 *(.fini7)
 *(.fini7)
 *(.fini6)
 *(.fini6)
 *(.fini5)
 *(.fini5)
 *(.fini4)
 *(.fini4)
 *(.fini3)
 *(.fini3)
 *(.fini2)
 *(.fini2)
 *(.fini1)
 *(.fini1)
 *(.fini0)
 .fini0         0x000021a8        0x2 c:/winavr-20071221/bin/../lib/gcc/avr/4.2.2/avr5\libgcc.a(_exit.o)
 *(.fini0)
                0x000021aa                _etext = .

.data           0x00800100        0x6 load address 0x000021aa
                0x00800100                PROVIDE (__data_start, .)
 *(.data)
 .data          0x00800100        0x0 c:/winavr-20071221/bin/../lib/gcc/avr/4.2.2/../../../../avr/lib/avr5/crtm328p.o
 .data          0x00800100        0x5 LedMatrixTest.o
                0x00800100                C
                0x00800101                O
                0x00800102                L
                0x00800103                O2
                0x00800104                L2
 .data          0x00800105        0x0 Timer1.o
 .data          0x00800105        0x0 MatrixColor.o
 .data          0x00800105        0x0 MatrixGraphs.o
 .data          0x00800105        0x0 Delay20.o
 .data          0x00800105        0x0 UART0.o
 .data          0x00800105        0x0 Timer2.o
 .data          0x00800105        0x0 SetIntClk.o
 .data          0x00800105        0x0 Clock.o
 .data          0x00800105        0x0 EEPROM.o
 .data          0x00800105        0x0 Configuration.o
 .data          0x00800105        0x0 Menu.o
 .data          0x00800105        0x0 c:/winavr-20071221/bin/../lib/gcc/avr/4.2.2/avr5\libgcc.a(_udivmodqi4.o)
 .data          0x00800105        0x0 c:/winavr-20071221/bin/../lib/gcc/avr/4.2.2/avr5\libgcc.a(_divmodhi4.o)
 .data          0x00800105        0x0 c:/winavr-20071221/bin/../lib/gcc/avr/4.2.2/avr5\libgcc.a(_exit.o)
 .data          0x00800105        0x0 c:/winavr-20071221/bin/../lib/gcc/avr/4.2.2/avr5\libgcc.a(_copy_data.o)
 .data          0x00800105        0x0 c:/winavr-20071221/bin/../lib/gcc/avr/4.2.2/avr5\libgcc.a(_clear_bss.o)
 .data          0x00800105        0x0 c:/winavr-20071221/bin/../lib/gcc/avr/4.2.2/avr5\libgcc.a(_udivmodhi4.o)
 *(.data*)
 *(.rodata)
 *(.rodata*)
 *(.gnu.linkonce.d*)
                0x00800106                . = ALIGN (0x2)
 *fill*         0x00800105        0x1 00
                0x00800106                _edata = .
                0x00800106                PROVIDE (__data_end, .)

.bss            0x00800106      0x435 load address 0x000021b0
                0x00800106                PROVIDE (__bss_start, .)
 *(.bss)
 .bss           0x00800106        0x0 c:/winavr-20071221/bin/../lib/gcc/avr/4.2.2/../../../../avr/lib/avr5/crtm328p.o
 .bss           0x00800106       0x12 LedMatrixTest.o
                0x00800106                marquee
 .bss           0x00800118        0x1 Timer1.o
 .bss           0x00800119        0x0 MatrixColor.o
 .bss           0x00800119      0x408 MatrixGraphs.o
                0x00800119                matrixBuffer
 .bss           0x00800521        0x0 Delay20.o
 .bss           0x00800521        0x0 UART0.o
 .bss           0x00800521        0x2 Timer2.o
 .bss           0x00800523        0x0 SetIntClk.o
 .bss           0x00800523        0x6 Clock.o
 .bss           0x00800529        0x0 EEPROM.o
 .bss           0x00800529        0x0 Configuration.o
 .bss           0x00800529        0x0 Menu.o
 .bss           0x00800529        0x0 c:/winavr-20071221/bin/../lib/gcc/avr/4.2.2/avr5\libgcc.a(_udivmodqi4.o)
 .bss           0x00800529        0x0 c:/winavr-20071221/bin/../lib/gcc/avr/4.2.2/avr5\libgcc.a(_divmodhi4.o)
 .bss           0x00800529        0x0 c:/winavr-20071221/bin/../lib/gcc/avr/4.2.2/avr5\libgcc.a(_exit.o)
 .bss           0x00800529        0x0 c:/winavr-20071221/bin/../lib/gcc/avr/4.2.2/avr5\libgcc.a(_copy_data.o)
 .bss           0x00800529        0x0 c:/winavr-20071221/bin/../lib/gcc/avr/4.2.2/avr5\libgcc.a(_clear_bss.o)
 .bss           0x00800529        0x0 c:/winavr-20071221/bin/../lib/gcc/avr/4.2.2/avr5\libgcc.a(_udivmodhi4.o)
 *(.bss*)
 *(COMMON)
 COMMON         0x00800529        0x7 LedMatrixTest.o
                0x00800529                secs
                0x0080052a                minutes5
                0x0080052b                done
                0x0080052c                current
                0x0080052f                seconds
 COMMON         0x00800530        0x2 MatrixGraphs.o
                0x00800530                ptr
 COMMON         0x00800532        0x9 Configuration.o
                0x00800532                temp_node_name
                0x00800538                space
                0x00800539                exit_menu
                0x0080053a                cuentas
                0x0080053b                PROVIDE (__bss_end, .)
                0x000021aa                __data_load_start = LOADADDR (.data)
                0x000021b0                __data_load_end = (__data_load_start + SIZEOF (.data))

.noinit         0x0080053b        0x0
                0x0080053b                PROVIDE (__noinit_start, .)
 *(.noinit*)
                0x0080053b                PROVIDE (__noinit_end, .)
                0x0080053b                _end = .
                0x0080053b                PROVIDE (__heap_start, .)

.eeprom         0x00810000        0x0
 *(.eeprom*)
                0x00810000                __eeprom_end = .

.fuse
 *(.fuse)
 *(.lfuse)
 *(.hfuse)
 *(.efuse)

.lock
 *(.lock*)

.signature
 *(.signature*)

.stab           0x00000000      0x360
 *(.stab)
 .stab          0x00000000      0x360 c:/winavr-20071221/bin/../lib/gcc/avr/4.2.2/../../../../avr/lib/avr5/crtm328p.o

.stabstr        0x00000000       0x5f
 *(.stabstr)
 .stabstr       0x00000000       0x5f c:/winavr-20071221/bin/../lib/gcc/avr/4.2.2/../../../../avr/lib/avr5/crtm328p.o

.stab.excl
 *(.stab.excl)

.stab.exclstr
 *(.stab.exclstr)

.stab.index
 *(.stab.index)

.stab.indexstr
 *(.stab.indexstr)

.comment
 *(.comment)

.debug
 *(.debug)

.line
 *(.line)

.debug_srcinfo
 *(.debug_srcinfo)

.debug_sfnames
 *(.debug_sfnames)

.debug_aranges  0x00000000      0x160
 *(.debug_aranges)
 .debug_aranges
                0x00000000       0x20 LedMatrixTest.o
 .debug_aranges
                0x00000020       0x20 Timer1.o
 .debug_aranges
                0x00000040       0x20 MatrixColor.o
 .debug_aranges
                0x00000060       0x20 MatrixGraphs.o
 .debug_aranges
                0x00000080       0x20 Delay20.o
 .debug_aranges
                0x000000a0       0x20 Timer2.o
 .debug_aranges
                0x000000c0       0x20 SetIntClk.o
 .debug_aranges
                0x000000e0       0x20 Clock.o
 .debug_aranges
                0x00000100       0x20 EEPROM.o
 .debug_aranges
                0x00000120       0x20 Configuration.o
 .debug_aranges
                0x00000140       0x20 Menu.o

.debug_pubnames
                0x00000000      0x510
 *(.debug_pubnames)
 .debug_pubnames
                0x00000000      0x16c LedMatrixTest.o
 .debug_pubnames
                0x0000016c       0x41 Timer1.o
 .debug_pubnames
                0x000001ad       0x24 MatrixColor.o
 .debug_pubnames
                0x000001d1       0xe7 MatrixGraphs.o
 .debug_pubnames
                0x000002b8       0x21 Delay20.o
 .debug_pubnames
                0x000002d9       0x55 Timer2.o
 .debug_pubnames
                0x0000032e       0x25 SetIntClk.o
 .debug_pubnames
                0x00000353       0x7d Clock.o
 .debug_pubnames
                0x000003d0       0x42 EEPROM.o
 .debug_pubnames
                0x00000412       0x9c Configuration.o
 .debug_pubnames
                0x000004ae       0x62 Menu.o

.debug_info     0x00000000     0x16bb
 *(.debug_info)
 .debug_info    0x00000000      0x633 LedMatrixTest.o
 .debug_info    0x00000633       0xbe Timer1.o
 .debug_info    0x000006f1       0x8e MatrixColor.o
 .debug_info    0x0000077f      0x640 MatrixGraphs.o
 .debug_info    0x00000dbf       0x9e Delay20.o
 .debug_info    0x00000e5d      0x10c Timer2.o
 .debug_info    0x00000f69       0x71 SetIntClk.o
 .debug_info    0x00000fda      0x224 Clock.o
 .debug_info    0x000011fe       0xe7 EEPROM.o
 .debug_info    0x000012e5      0x26e Configuration.o
 .debug_info    0x00001553      0x168 Menu.o
 *(.gnu.linkonce.wi.*)

.debug_abbrev   0x00000000      0x871
 *(.debug_abbrev)
 .debug_abbrev  0x00000000      0x15a LedMatrixTest.o
 .debug_abbrev  0x0000015a       0x8c Timer1.o
 .debug_abbrev  0x000001e6       0x64 MatrixColor.o
 .debug_abbrev  0x0000024a      0x1b6 MatrixGraphs.o
 .debug_abbrev  0x00000400       0x62 Delay20.o
 .debug_abbrev  0x00000462       0xb0 Timer2.o
 .debug_abbrev  0x00000512       0x3d SetIntClk.o
 .debug_abbrev  0x0000054f       0xe8 Clock.o
 .debug_abbrev  0x00000637       0xa5 EEPROM.o
 .debug_abbrev  0x000006dc      0x109 Configuration.o
 .debug_abbrev  0x000007e5       0x8c Menu.o

.debug_line     0x00000000     0x180b
 *(.debug_line)
 .debug_line    0x00000000      0x5d6 LedMatrixTest.o
 .debug_line    0x000005d6       0xfa Timer1.o
 .debug_line    0x000006d0      0x1cf MatrixColor.o
 .debug_line    0x0000089f      0x58b MatrixGraphs.o
 .debug_line    0x00000e2a       0xb3 Delay20.o
 .debug_line    0x00000edd      0x172 Timer2.o
 .debug_line    0x0000104f       0x8b SetIntClk.o
 .debug_line    0x000010da      0x21e Clock.o
 .debug_line    0x000012f8      0x102 EEPROM.o
 .debug_line    0x000013fa      0x27a Configuration.o
 .debug_line    0x00001674      0x197 Menu.o

.debug_frame    0x00000000      0x380
 *(.debug_frame)
 .debug_frame   0x00000000       0x70 LedMatrixTest.o
 .debug_frame   0x00000070       0x40 Timer1.o
 .debug_frame   0x000000b0       0x20 MatrixColor.o
 .debug_frame   0x000000d0       0xd0 MatrixGraphs.o
 .debug_frame   0x000001a0       0x20 Delay20.o
 .debug_frame   0x000001c0       0x50 Timer2.o
 .debug_frame   0x00000210       0x20 SetIntClk.o
 .debug_frame   0x00000230       0x80 Clock.o
 .debug_frame   0x000002b0       0x40 EEPROM.o
 .debug_frame   0x000002f0       0x70 Configuration.o
 .debug_frame   0x00000360       0x20 Menu.o

.debug_str      0x00000000      0x5a5
 *(.debug_str)
 .debug_str     0x00000000      0x20b LedMatrixTest.o
                                0x23f (size before relaxing)
 .debug_str     0x0000020b       0x2f Timer1.o
                                 0xf1 (size before relaxing)
 .debug_str     0x0000023a       0x25 MatrixColor.o
                                 0xe2 (size before relaxing)
 .debug_str     0x0000025f       0xf9 MatrixGraphs.o
                                0x1e7 (size before relaxing)
 .debug_str     0x00000358       0x18 Delay20.o
                                 0xd5 (size before relaxing)
 .debug_str     0x00000370       0x45 Timer2.o
                                0x10d (size before relaxing)
 .debug_str     0x000003b5       0x1e SetIntClk.o
                                 0xd3 (size before relaxing)
 .debug_str     0x000003d3       0x95 Clock.o
                                0x170 (size before relaxing)
 .debug_str     0x00000468       0x35 EEPROM.o
                                 0xfb (size before relaxing)
 .debug_str     0x0000049d       0xb8 Configuration.o
                                0x1a4 (size before relaxing)
 .debug_str     0x00000555       0x50 Menu.o
                                0x121 (size before relaxing)

.debug_loc      0x00000000      0x930
 *(.debug_loc)
 .debug_loc     0x00000000      0x1d7 LedMatrixTest.o
 .debug_loc     0x000001d7      0x5da MatrixGraphs.o
 .debug_loc     0x000007b1       0x26 Timer2.o
 .debug_loc     0x000007d7       0x13 Clock.o
 .debug_loc     0x000007ea       0x18 EEPROM.o
 .debug_loc     0x00000802      0x12e Configuration.o

.debug_macinfo
 *(.debug_macinfo)
OUTPUT(LedMatrixTest.elf elf32-avr)
LOAD linker stubs
